Date	Wed Dec 02 19:18:14 CET 2020	
IMGT/V-QUEST program version	3.5.21	
IMGT/V-QUEST reference directory release	202049-2	
Species	Macaca mulatta	
Receptor type or locus	IG	
IMGT/V-QUEST reference directory set	F+ORF+ in-frame P	
Search for insertions and deletions	yes	
Nb of nucleotides to add (or exclude) in 3' of the V-REGION for the evaluation of the alignment score	0	
Nb of nucleotides to exclude in 5' of the V-REGION for the evaluation of the nb of mutations	0	
Analysis of scFv	no	
Number of submitted sequences	1	

