sequence_id	sequence	sequence_aa	rev_comp	productive	complete_vdj	vj_in_frame	stop_codon	locus	v_call	d_call	j_call	c_call	sequence_alignment	sequence_alignment_aa	germline_alignment	germline_alignment_aa	junction	junction_aa	np1	np1_aa	np2	np2_aa	cdr1	cdr1_aa	cdr2	cdr2_aa	cdr3	cdr3_aa	fwr1	fwr1_aa	fwr2	fwr2_aa	fwr3	fwr3_aa	fwr4	fwr4_aa	v_score	v_identity	v_support	v_cigar	d_score	d_identity	d_support	d_cigar	j_score	j_identity	j_support	j_cigar	c_score	c_identity	c_support	c_cigar	v_sequence_start	v_sequence_end	v_germline_start	v_germline_end	v_alignment_start	v_alignment_end	d_sequence_start	d_sequence_end	d_germline_start	d_germline_end	d_alignment_start	d_alignment_end	j_sequence_start	j_sequence_end	j_germline_start	j_germline_end	j_alignment_start	j_alignment_end	cdr1_start	cdr1_end	cdr2_start	cdr2_end	cdr3_start	cdr3_end	fwr1_start	fwr1_end	fwr2_start	fwr2_end	fwr3_start	fwr3_end	fwr4_start	fwr4_end	v_sequence_alignment	v_sequence_alignment_aa	d_sequence_alignment	d_sequence_alignment_aa	j_sequence_alignment	j_sequence_alignment_aa	c_sequence_alignment	c_sequence_alignment_aa	v_germline_alignment	v_germline_alignment_aa	d_germline_alignment	d_germline_alignment_aa	j_germline_alignment	j_germline_alignment_aa	c_germline_alignment	c_germline_alignment_aa	junction_length	junction_aa_length	np1_length	np2_length	n1_length	n2_length	p3v_length	p5d_length	p3d_length	p5j_length	consensus_count	duplicate_count	cell_id	clone_id	rearrangement_id	repertoire_id	rearrangement_set_id	sequence_analysis_category	d_number	5prime_trimmed_n_nb	3prime_trimmed_n_nb	insertions	deletions	junction_decryption
IGKV2-ACR*02	gacattgtgatgacccagactccactctccctgcccgtcacccctggagagccagcctccatctcctgcaggtctagtcagagcctcttggatagtgacgggtacacctgtttggactggtacctgcagaagccaggccagtctccacagctcctgatctatgaggtttccaaccgggtctctggagtccctgacaggttcagtggcagtgggtcagncactgatttcacactgaaaatcagccgggtggaagctgaggatgttggggtgtattactgtatgcaaagtatagagtttcctcc		F	F				IGK	Macmul IGKV2S20*01 F				gacattgtgatgacccagactccactctccctgcccgtcacccctggagagccagcctccatctcctgcaggtctagtcagagcctcttggatagt...gacgggtacacctgtttggactggtacctgcagaagccaggccagtctccacagctcctgatctatgaggtt.....................tccaaccgggtctctggagtccct...gacaggttcagtggcagtggg......tcagncactgatttcacactgaaaatcagccgggtggaagctgaggatgttggggtgtattactgtatgcaaagtatagagtttcctcc	DIVMTQTPLSLPVTPGEPASISCRSSQSLLDS.DGYTCLDWYLQKPGQSPQLLIYEV.......SNRVSGVP.DRFSGSG..SXTDFTLKISRVEAEDVGVYYCMQSIEFP	gatattgtgatgacccagactccactctccctgccagtcacccctggagagccggcctccatctcctgcaggtctagtcagagcctcttggatagtgaggatggaaacacctatttggaatggtacctgcagaagccaggccagtctccacagcccttgatttatgaggtt.....................tccaaccgggcctctggagtccca...gacaggttcagtggcagtggg......tcagacactgatttcacactgaaaatcagcagagtggaggctgaggatgttggggtttattactgcatgcaaggtatagagtatcctcc	DIVMTQTPLSLPVTPGEPASISCRSSQSLLDSEDGNTYLEWYLQKPGQSPQPLIYEV.......SNRASGVP.DRFSGSG..SDTDFTLKISRVEAEDVGVYYCMQGIEYP							cagagcctcttggatagtgacgggtacacctgt	QSLLDSDGYTC	gaggtttcc	EVS	atgcaaagtatagagtttcctcc	MQSIEFP	gacattgtgatgacccagactccactctccctgcccgtcacccctggagagccagcctccatctcctgcaggtctagt	DIVMTQTPLSLPVTPGEPASISCRSS	ttggactggtacctgcagaagccaggccagtctccacagctcctgatctat	LDWYLQKPGQSPQLLIY	aaccgggtctctggagtccctgacaggttcagtggcagtgggtcagncactgatttcacactgaaaatcagccgggtggaagctgaggatgttggggtgtattactgt	NRVSGVPDRFSGSGSXTDFTLKISRVEAEDVGVYYC			1294	93.20		2=1X32=1X17=1X42=3D2=1X2=2X6=1X6=1X34=1X1=1X4=1X19=1X12=1X25=1M25=1X1=1X5=1X17=1X8=1X6=1X9=1X6=													1	302	1	335	1	335													79	111	163	171	280	302	1	78	112	162	172	279			gacattgtgatgacccagactccactctccctgcccgtcacccctggagagccagcctccatctcctgcaggtctagtcagagcctcttggatagt...gacgggtacacctgtttggactggtacctgcagaagccaggccagtctccacagctcctgatctatgaggtt.....................tccaaccgggtctctggagtccct...gacaggttcagtggcagtggg......tcagncactgatttcacactgaaaatcagccgggtggaagctgaggatgttggggtgtattactgtatgcaaagtatagagtttcctcc	DIVMTQTPLSLPVTPGEPASISCRSSQSLLDS.DGYTCLDWYLQKPGQSPQLLIYEV.......SNRVSGVP.DRFSGSG..SXTDFTLKISRVEAEDVGVYYCMQSIEFP							gatattgtgatgacccagactccactctccctgccagtcacccctggagagccggcctccatctcctgcaggtctagtcagagcctcttggatagtgaggatggaaacacctatttggaatggtacctgcagaagccaggccagtctccacagcccttgatttatgaggtt.....................tccaaccgggcctctggagtccca...gacaggttcagtggcagtggg......tcagacactgatttcacactgaaaatcagcagagtggaggctgaggatgttggggtttattactgcatgcaaggtatagagtatcctcc	DIVMTQTPLSLPVTPGEPASISCRSSQSLLDSEDGNTYLEWYLQKPGQSPQPLIYEV.......SNRASGVP.DRFSGSG..SDTDFTLKISRVEAEDVGVYYCMQGIEYP									0		0		0	0	0	0								1 (noindelsearch)	0	0	0			
